C51 COMPILER V9.01   ADC_INIT                                                              06/04/2020 10:40:12 PAGE 1   


C51 COMPILER V9.01, COMPILATION OF MODULE ADC_INIT
OBJECT MODULE PLACED IN .\Objects\ADC_Init.obj
COMPILER INVOKED BY: C:\Keil_v4\C51\BIN\C51.EXE c\ADC_Init.c BROWSE DEBUG OBJECTEXTEND PRINT(.\Listings\ADC_Init.lst) TA
                    -BS(2) OBJECT(.\Objects\ADC_Init.obj)

line level    source

   1          #include "H/Function_Init.H"
   2          
   3          void ADC_Init(uint Channel,uchar ADCFreq);
   4          unsigned int ADCValue = 0x0000;
   5          bit AdcFlag = 0;
   6          /***********ADC采样频率选择*************/
   7          enum ADCFreq {F32=0,F24,F16,F12,F8,F6,F4,F3};
   8          
   9          /***********ADC采样口选择*************/
  10          #if (IC_MODEL == SC92WL463)
  11          enum Channel {AIN0=0,AIN1,AIN2,AIN3,AIN4,AIN5,AIN6,AIN7,AIN8,AIN9,VDD4=31};
  12          #endif
  13          
  14          #if (IC_MODEL == SC92WL462)
              enum Channel {AIN2=2,AIN3,AIN4,AIN5,AIN8=8,AIN9,VDD4=31};
              #endif
  17          
  18          #if (IC_MODEL == SC92WL461)
              enum Channel {AIN2=2,AIN3,AIN4,AIN8=8,AIN9,VDD4=31};
              #endif
  21          
  22          /*****************************************************
  23          *函数名称：void ADC_Test(void)
  24          *函数功能：ADC测试
  25          *入口参数：void
  26          *出口参数：void
  27          *****************************************************/
  28          void ADC_Test(void)
  29          {
  30   1        ADC_Init(AIN3,F8);
  31   1        while(1)
  32   1        {
  33   2          ADCCON |= 0X40;   //开始ADC转换
  34   2            while(!AdcFlag);               //等待 ADC转换完成;
  35   2          AdcFlag = 0;
  36   2            ADCValue=(ADCVH<<4)+(ADCVL>>4);
  37   2        }
  38   1      }
  39          /*****************************************************
  40          *函数名称：void ADC_Init(uint Channel,uchar ADCFreq)
  41          *函数功能：ADC初始化
  42          *入口参数：void
  43          *出口参数：void
  44          *****************************************************/
  45          void ADC_Init(uint Channel,uchar ADCFreq)
  46          {
  47   1        ADCCON = 0X80|Channel;    //开启ADC，ADC采样频率为2M ,选择Channel位ADC采样口
  48   1        if(Channel<8)
  49   1        {
  50   2          ADCCFG0 = 1<<Channel;   //设置Channel作为采样口
  51   2        }
  52   1        else
  53   1        {
  54   2          ADCCFG1 = 1<<(Channel-8);   //设置Channel作为采样口
C51 COMPILER V9.01   ADC_INIT                                                              06/04/2020 10:40:12 PAGE 2   

  55   2        }
  56   1        ADCCFG2 = ADCFreq;
  57   1        IE |= 0X40;        //开启ADC中断
  58   1        EA = 1;
  59   1      }
  60          
  61          
  62          void ADC_Interrupt(void) interrupt 6
  63          {
  64   1        ADCCON&=~(0X20);  //清中断标志位
  65   1        AdcFlag = 1;
  66   1      }


MODULE INFORMATION:   STATIC OVERLAYABLE
   CODE SIZE        =    103    ----
   CONSTANT SIZE    =   ----    ----
   XDATA SIZE       =   ----    ----
   PDATA SIZE       =   ----    ----
   DATA SIZE        =      2    ----
   IDATA SIZE       =   ----    ----
   BIT SIZE         =      1    ----
END OF MODULE INFORMATION.


C51 COMPILATION COMPLETE.  0 WARNING(S),  0 ERROR(S)
