C51 COMPILER V9.55   LCD_INIT                                                              07/25/2019 10:28:55 PAGE 1   


C51 COMPILER V9.55, COMPILATION OF MODULE LCD_INIT
OBJECT MODULE PLACED IN .\Objects\LCD_Init.obj
COMPILER INVOKED BY: C:\Keil_v5\C51\BIN\C51.EXE c\LCD_Init.c OPTIMIZE(8,SPEED) BROWSE DEBUG OBJECTEXTEND PRINT(.\Listing
                    -s\LCD_Init.lst) OBJECT(.\Objects\LCD_Init.obj)

line level    source

   1          #include "H/Function_Init.H"
   2          
   3          unsigned char xdata LCDRAM[30]  _at_  0x700;
   4          unsigned char xdata LCDTemp[30];
   5          void LCD_Init(void);
   6          void LED_Init(void);
   7          void PxVO_Init(void);
   8                  
   9          /*****************************************************
  10          *函数名称：void LCD_Test(void)
  11          *函数功能：LCD/LED测试
  12          *入口参数：void
  13          *出口参数：void
  14          *****************************************************/
  15          void LCD_LED_Test(void)
  16          {
  17   1              LCD_Init();
  18   1      //      LED_Init();
  19   1              while(1)
  20   1              {
  21   2              }
  22   1      }
  23          /*****************************************************
  24          *函数名称：void LCD_Init(void)
  25          *函数功能：LCD初始化
  26          *入口参数：void
  27          *出口参数：void
  28          *****************************************************/
  29          void LCD_Init(void)
  30          {
  31   1              unsigned int i;
  32   1              DDRCON = 0xB0;    //-xyy zzzz  x:LCD/LED模式 y:占空比  z:LCD电压调节
  33   1              PxVO_Init();
  34   1              OTCON |= 0x04;    //---- xxyz  x:LCD分压电阻 y:复位管脚选择 z:LCD偏置电压
  35   1              for(i=0; i<8; i++)
  36   1              {
  37   2                      LCDTemp[i] = 0xff;
  38   2              }
  39   1              
  40   1              //由于LCD/LED的显示RAM区只可写不可读，所以需要用到一个缓存数组LCDTemp
  41   1              for(i=0; i<8; i++)   
  42   1              {
  43   2                      LCDRAM[i] = LCDTemp[i];
  44   2              }
  45   1      }
  46          
  47          /*****************************************************
  48          *函数名称：void LED_Init(void)
  49          *函数功能：LED初始化
  50          *入口参数：void
  51          *出口参数：void
  52          *****************************************************/
  53          void LED_Init(void)
  54          {
C51 COMPILER V9.55   LCD_INIT                                                              07/25/2019 10:28:55 PAGE 2   

  55   1              unsigned int i;
  56   1              DDRCON = 0xF0;    //-xyy zzzz  x:LCD/LED模式 y:占空比1/8:00 1/6:01 1/5:10 1/4:11  z:LCD电压调节
  57   1              PxVO_Init();
  58   1              OTCON |= 0x00;    //---- xxyz  x:LCD分压电阻 y:复位管脚选择 z:LCD偏置电压
  59   1              for(i=0; i<8; i++)
  60   1              {
  61   2                      LCDTemp[i] = 0xff;
  62   2              }
  63   1              
  64   1              //由于LCD/LED的显示RAM区只可写不可读，所以需要用到一个缓存数组LCDTemp读写写入的值
  65   1              for(i=0; i<8; i++)   
  66   1              {
  67   2                      LCDRAM[i] = LCDTemp[i];
  68   2              }       
  69   1      }
  70          
  71          /*****************************************************
  72          *函数名称：void PxVO_Init(void)
  73          *函数功能：显示驱动输出口初始化
  74          *入口参数：void
  75          *出口参数：void
  76          *****************************************************/
  77          void PxVO_Init(void)
  78          {
  79   1              #if (IC_MODEL == SC92F8447B || IC_MODEL == SC92F8446B)
  80   1              P0VO = 0xFF;
  81   1              P1VO = 0xFF;
  82   1              P2VO = 0xFF;
  83   1              P3VO = 0xFF;
  84   1              #endif
  85   1      }


MODULE INFORMATION:   STATIC OVERLAYABLE
   CODE SIZE        =    137    ----
   CONSTANT SIZE    =   ----    ----
   XDATA SIZE       =     30    ----
   PDATA SIZE       =   ----    ----
   DATA SIZE        =   ----    ----
   IDATA SIZE       =   ----    ----
   BIT SIZE         =   ----    ----
END OF MODULE INFORMATION.


C51 COMPILATION COMPLETE.  0 WARNING(S),  0 ERROR(S)
