C51 COMPILER V9.03   TIMER_2                                                               06/03/2015 17:33:11 PAGE 1   


C51 COMPILER V9.03, COMPILATION OF MODULE TIMER_2
OBJECT MODULE PLACED IN .\output\timer_2.obj
COMPILER INVOKED BY: C:\Keil\C51\BIN\C51.EXE c\timer_2.C BROWSE DEBUG OBJECTEXTEND PRINT(.\lst\timer_2.lst) OBJECT(.\out
                    -put\timer_2.obj)

line level    source

   1          //************************************************************
   2          //  Copyright (c) 深圳市赛元微电子有限公司
   3          //      文件名称        : timer_2.c
   4          //      作者            : 
   5          //      模块功能        : timer0工作方式2(8位自动重载)的使用
   6          //      局部函数列表:
   7          //  最后更正日期:
   8          //      版本            :
   9          //      更改记录        :rom前256byte禁止查表,因此在编译的时候，设置keil->option for Target->BL51 Locate->Code Range:
             -0x100
  10          //*************************************************************
  11          
  12          #include "h\SC91F735_C.h"
  13          #define         tst                     P30
  14          //*************************************************************
  15          // 函数名       ：void timer0init(void)
  16          // 作者         ：
  17          // 功能         ：Timer工作方式1，8位自动重载定时器初始化
  18          // 参数         ：无
  19          // 返回值       ：无
  20          // 调用全局变量：无
  21          // 修改全局变量：无
  22          // 备注         ：装入初值,50us定时
  23          //**************************************************************
  24          void Timer1init(void)
  25          {
  26   1       TMCON = 0x01;                                  //选择时钟分频,Fosc/4=4Mhz;1/4us
  27   1       TMOD=0x02;                                             //设置工作方式2
  28   1       TH0=(256-200);                                 //200*1/4us=50us                
  29   1       TL0=(256-200);
  30   1       TR0=0;
  31   1       ET0=1;                                                 //Timer0使能
  32   1       TR0=1;                                                 //启动Timer0
  33   1      }
  34          //*************************************************************
  35          // 函数名       ：void timer0()interrupt 1
  36          // 作者         ：
  37          // 功能         ：Timer0中断
  38          // 参数         ：无
  39          // 返回值       ：无
  40          // 调用全局变量：无
  41          // 修改全局变量：无
  42          // 备注         ：硬件自动清除中断标志,自动重载，无需再次加载初值
  43          //**************************************************************
  44          void Timer0() interrupt 1
  45          {
  46   1              tst=~tst; 
  47   1      }
  48          void main()
  49          {
  50   1              RSTCFG=0x0B;                                    //切换RstPin为GPIO,lvr选择3.5V复位
  51   1              WDTCR = 0x90;                                   //1--1 -- 00    开WDT,WDT清0,WDT 524ms溢出;烧录时，可Code Option选择ENWDT
  52   1              Timer1init();
  53   1              EA=1;                                                   //开总中断
C51 COMPILER V9.03   TIMER_2                                                               06/03/2015 17:33:11 PAGE 2   

  54   1              P3CFG0=0X00;
  55   1              while(1)
  56   1              {
  57   2                      WDTCR = 0x90;                           //1--1 -- 00    开WDT,WDT清0,WDT 524ms溢出;烧录时，可Code Option选择ENWDT
  58   2              }
  59   1      }


MODULE INFORMATION:   STATIC OVERLAYABLE
   CODE SIZE        =     41    ----
   CONSTANT SIZE    =   ----    ----
   XDATA SIZE       =   ----    ----
   PDATA SIZE       =   ----    ----
   DATA SIZE        =   ----    ----
   IDATA SIZE       =   ----    ----
   BIT SIZE         =   ----    ----
END OF MODULE INFORMATION.


C51 COMPILATION COMPLETE.  0 WARNING(S),  0 ERROR(S)
