C51 COMPILER V9.55   TIMER_INIT                                                            11/29/2019 15:34:10 PAGE 1   


C51 COMPILER V9.55, COMPILATION OF MODULE TIMER_INIT
OBJECT MODULE PLACED IN .\Objects\Timer_Init.obj
COMPILER INVOKED BY: C:\Keil_v5\C51\BIN\C51.EXE c\Timer_Init.c OPTIMIZE(8,SPEED) BROWSE DEBUG OBJECTEXTEND PRINT(.\Listi
                    -ngs\Timer_Init.lst) OBJECT(.\Objects\Timer_Init.obj)

line level    source

   1          #include "H/Function_Init.H"
   2          
   3          void Timer_Init(void);
   4          uint count = 0;
   5          uint count1=0,count2=0;
   6          uchar flag=0;
   7          /*****************************************************
   8          *函数名称：void Timer_Test(void);
   9          *函数功能：T0/T1/T2测试
  10          *入口参数：void
  11          *出口参数：void
  12          *****************************************************/
  13          void Timer_Test(void)
  14          {
  15   1              Timer_Init();
  16   1              while(1)
  17   1              {
  18   2              }
  19   1      }
  20          /*****************************************************
  21          *函数名称：void Timer_Init(void)
  22          *函数功能：T0/T1/T2初始化
  23          *入口参数：void
  24          *出口参数：void
  25          *****************************************************/
  26          void Timer_Init(void)
  27          { 
  28   1              TMCON = 0X07;    //------111 ;Timer0、Tiemr1和Tiemr2选择时钟Fsys
  29   1              
  30   1              //T0设置
  31   1              TMOD |= 0x01;                 //0000 0001;Timer0设置工作方式1
  32   1              TL0 = (65536 - 16000)%256;    //时钟为Fsys，则溢出时间=16000*（1/Fsys）;
  33   1              TH0 = (65536 - 16000)/256;
  34   1              TR0 = 0;
  35   1              ET0 = 1;//定时器0允许
  36   1              TR0 = 1;//打开定时器0
  37   1          
  38   1              //T1设置
  39   1              TMOD |= 0x20;            //0010 0000;Timer1设置工作方式2
  40   1              TL1 = 256 - 160;         //时钟为Fsys，则溢出时间=160*（1/Fsys）;
  41   1              TH1 = 256 - 160;
  42   1              TR1 = 0;
  43   1              ET1 = 1;//定时器1允许
  44   1              TR1 = 1;//打开定时器1
  45   1          
  46   1              //T2设置
  47   1              TXINX = 0x02;   //选择定时器T2
  48   1              TXCON = 0X09;   //使能EXT2，16位捕获模式
  49   1              TXMOD = 0X80;
  50   1              THX = 0X00;
  51   1              TLX = 0X00;
  52   1              RCAPXH = 0X00;
  53   1              RCAPXL = 0X00;
  54   1          ET2 = 1;
C51 COMPILER V9.55   TIMER_INIT                                                            11/29/2019 15:34:10 PAGE 2   

  55   1              TRX = 1;//打开定时器2   
  56   1      
  57   1              //T3设置
  58   1          TXINX = 0x03;    //选择定时器T3
  59   1              TXMOD = 0x80;    
  60   1              TXCON = 0x00;    //设置为16位重载寄存器
  61   1              RCAPXH = (65536-16000)/256;     //时钟为Fsys，则溢出时间=16000*（1/Fsys）;
  62   1              RCAPXL = (65536-16000)%256;
  63   1              TRX = 0;
  64   1              IE1 |= 0x40; //定时器3允许
  65   1          IP1 |= 0X40;
  66   1              TRX = 1;     //打开定时器3      
  67   1          
  68   1          //T4设置
  69   1          TXINX = 0x04;    //选择定时器T4
  70   1              TXMOD = 0x80;    
  71   1              TXCON = 0x00;    //设置为16位重载寄存器
  72   1              RCAPXH = (65536-32000)/256;     //时钟为Fsys，则溢出时间=32000*（1/Fsys）;
  73   1              RCAPXL = (65536-32000)%256;
  74   1              TRX = 0;
  75   1              IE1 |= 0x80;//定时器4允许
  76   1          IP1 |= 0X80;
  77   1              TRX = 1;    //打开定时器4       
  78   1          
  79   1              EA = 1; 
  80   1      }
  81          
  82          /**************************************************
  83          *函数名称：void timer0/1/2/3/4() interrupt 1/3/5/13/14
  84          *函数功能：定时器中断产生方波
  85          *入口参数：void
  86          *出口参数：void
  87          **************************************************/
  88          void timer0() interrupt 1
  89          {
  90   1          TL0 = (65536 - 16000)%256;
  91   1              TH0 = (65536 - 16000)/256;
  92   1              P02 = ~P02;     
  93   1      }
  94          
  95          void timer1() interrupt 3
  96          {
  97   1              P03 = ~P03;
  98   1      }
  99          
 100          void Timer2Int(void) interrupt 5
 101          {                  
 102   1          TXINX = 0x02;            //选择定时器T2
 103   1          if((TXCON & 0x40))
 104   1              {
 105   2              P07 = ~P07;
 106   2                      TXCON &= ~0X40;      //清除标志位
 107   2                      if(++flag >= 12)     
 108   2                      {
 109   3                              flag = 0;
 110   3                              THX = 0;
 111   3                              TLX = 0;
 112   3                      }
 113   2                      if(flag == 10)      
 114   2                      {
 115   3                              count1 = ((uint)(RCAPXH << 8) + RCAPXL);
 116   3                      }
C51 COMPILER V9.55   TIMER_INIT                                                            11/29/2019 15:34:10 PAGE 3   

 117   2                      if(flag == 11)
 118   2                      {
 119   3                              count2 = ((uint)(RCAPXH << 8) + RCAPXL);
 120   3                              count = count2 - count1;      //第10个下降沿到第11个下降沿的值
 121   3                      }
 122   2              }
 123   1      }
 124          
 125          void Timer3Int(void) interrupt 13
 126          {               
 127   1          TXINX = 0x03;   //选择定时器T3
 128   1              TFX = 0;        //溢出清零
 129   1          P05 = ~P05;
 130   1      }
 131          
 132          void Timer4Int(void) interrupt 14
 133          {               
 134   1          TXINX = 0x04;   //选择定时器T4
 135   1              TFX = 0;        //溢出清零
 136   1          P06 = ~P06;
 137   1      }


MODULE INFORMATION:   STATIC OVERLAYABLE
   CODE SIZE        =    252    ----
   CONSTANT SIZE    =   ----    ----
   XDATA SIZE       =   ----    ----
   PDATA SIZE       =   ----    ----
   DATA SIZE        =      7    ----
   IDATA SIZE       =   ----    ----
   BIT SIZE         =   ----    ----
END OF MODULE INFORMATION.


C51 COMPILATION COMPLETE.  0 WARNING(S),  0 ERROR(S)
