C51 COMPILER V9.55   BTM                                                                   07/25/2019 10:30:16 PAGE 1   


C51 COMPILER V9.55, COMPILATION OF MODULE BTM
OBJECT MODULE PLACED IN .\Objects\BTM.obj
COMPILER INVOKED BY: C:\Keil_v5\C51\BIN\C51.EXE c\BTM.c OPTIMIZE(8,SPEED) BROWSE DEBUG OBJECTEXTEND PRINT(.\Listings\BTM
                    -.lst) OBJECT(.\Objects\BTM.obj)

line level    source

   1          #include "H/Function_Init.H"
   2          
   3          void BTM_Init(void);
   4          
   5          /*****************************************************
   6          *函数名称：void BTM_Test(void)
   7          *函数功能：BTM测试
   8          *入口参数：void
   9          *出口参数：void
  10          *****************************************************/
  11          void BTM_Test(void)
  12          {
  13   1              BTM_Init();
  14   1              while(1)
  15   1              {
  16   2              }
  17   1      }
  18          /*****************************************************
  19          *函数名称：void BTM_Init(void)
  20          *函数功能：BTM初始化
  21          *入口参数：void
  22          *出口参数：void
  23          *****************************************************/
  24          void BTM_Init(void)
  25          {
  26   1      //      BTMCON = 0x00;  //不开启
  27   1      //      BTMCON = 0x80;  //每15.6ms产生一个中断
  28   1      //      BTMCON = 0x81;  //每31.3ms产生一个中断
  29   1      //      BTMCON = 0x82;  //每62.5ms产生一个中断
  30   1      //      BTMCON = 0x83;  //每125ms产生一个中断
  31   1      //      BTMCON = 0x84;  //每0.25s产生一个中断
  32   1              BTMCON = 0x85;  //每0.5s产生一个中断
  33   1      //      BTMCON = 0x86;  //每1s产生一个中断
  34   1      //      BTMCON = 0x87;  //每2s产生一个中断
  35   1      //      BTMCON = 0x88;  //每4s产生一个中断
  36   1              EA = 1;           //开启总中断
  37   1              IE1 |= 0x04;       //开启BTM中断
  38   1      }
  39          
  40          /*****************************************************
  41          *函数名称：void BTM_Int(void) interrupt 9
  42          *函数功能：中断函数
  43          *入口参数：void
  44          *出口参数：void
  45          *****************************************************/
  46          void BTM_Int(void) interrupt 9
  47          {
  48   1              if(!(BTMCON&0X40))              //中断标志位判断
  49   1              {
  50   2                      P20=~P20;
  51   2              }
  52   1      }


C51 COMPILER V9.55   BTM                                                                   07/25/2019 10:30:16 PAGE 2   

MODULE INFORMATION:   STATIC OVERLAYABLE
   CODE SIZE        =     26    ----
   CONSTANT SIZE    =   ----    ----
   XDATA SIZE       =   ----    ----
   PDATA SIZE       =   ----    ----
   DATA SIZE        =   ----    ----
   IDATA SIZE       =   ----    ----
   BIT SIZE         =   ----    ----
END OF MODULE INFORMATION.


C51 COMPILATION COMPLETE.  0 WARNING(S),  0 ERROR(S)
