C51 COMPILER V9.03   TIMER                                                                 04/27/2017 09:56:04 PAGE 1   


C51 COMPILER V9.03, COMPILATION OF MODULE TIMER
OBJECT MODULE PLACED IN .\output\timer.obj
COMPILER INVOKED BY: D:\keil\C51\BIN\C51.EXE c\timer.c BROWSE DEBUG OBJECTEXTEND PRINT(.\lst\timer.lst) OBJECT(.\output\
                    -timer.obj)

line level    source

   1          //************************************************************
   2          //  Copyright (c) 深圳市赛元微电子有限公司
   3          //      文件名称        : timer_1.c
   4          //      作者            : 
   5          //      模块功能        : timer0工作方式1(16位定时器)的使用
   6          //      局部函数列表:
   7          //  最后更正日期:
   8          //      版本            :
   9          //      更改记录        :rom前256byte禁止查表,因此在编译的时候，设置keil->option for Target->BL51 Locate->Code Range:
             -0x100
  10          //*************************************************************
  11          
  12          #include "h\sc91f842_C.h"
  13          #define         tst0            P30
  14          #define         tst1            P31
  15          //*************************************************************
  16          // 函数名       ：void timerinit(void)
  17          // 作者         ：
  18          // 功能         ：Timer定时器初始化
  19          // 参数         ：无
  20          // 返回值       ：无
  21          // 调用全局变量：无
  22          // 修改全局变量：无
  23          // 备注         ：Timer0初始化125us,Timer1初始化1ms
  24          //**************************************************************
  25          void timerinit(void)
  26          {       
  27   1              TMCON=0x03;                                                     //------ 11 ;Timer0和Tiemr1选择时钟分频,Fosc/4=4Mhz;
  28   1              TMOD=0x11;                                              //0001 0001  ;Timer0和Timer1设置工作方式1       
  29   1      //T0设置        
  30   1              TH0=(65536-500)/256;                            //500*1/4M=125us
  31   1              TL0=(65536-500)%256;
  32   1              TR0=0;                                  
  33   1              ET0=1;                                                          //Timer0使能
  34   1              TR0=1;                                                          //启动Timer0
  35   1      //T1设置        
  36   1              TH1 = (65536 - 4000)/256;                   //4000*1/4M=1ms
  37   1              TL1 = (65536 - 4000)%256;
  38   1              TR1 = 0;
  39   1              ET1 = 1;
  40   1              TR1 =1;
  41   1      }
  42          
  43          //*************************************************************
  44          // 函数名       ：void timer0()interrupt 1
  45          // 作者         ：
  46          // 功能         ：Timer0中断定时125us
  47          // 参数         ：无
  48          // 返回值       ：无
  49          // 调用全局变量：无
  50          // 修改全局变量：无
  51          // 备注         ：硬件自动清除中断标志,16位定时器,需再次加载初值
  52          //**************************************************************
  53          void timer0()interrupt 1                                        //Timer0向量号 1
C51 COMPILER V9.03   TIMER                                                                 04/27/2017 09:56:04 PAGE 2   

  54          {
  55   1              TH0=(65536-500)/256;                            //再次装入初值
  56   1              TL0=(65536-500)%256;
  57   1              tst0 =~tst0;
  58   1      }
  59          
  60          //*************************************************************
  61          // 函数名       ：void timer1()interrupt 3
  62          // 作者         ：
  63          // 功能         ：Timer1中断定时1ms
  64          // 参数         ：无
  65          // 返回值       ：无
  66          // 调用全局变量：无
  67          // 修改全局变量：无
  68          // 备注         ：硬件自动清除中断标志,16位定时器,需再次加载初值
  69          //**************************************************************
  70          void timer1()interrupt 3                                //Timer1向量号 3
  71          {
  72   1              TH1 = (65536 - 4000)/256;               //再次装入初值
  73   1              TL1 = (65536 - 4000)%256;
  74   1              tst1 =~tst1;
  75   1      }
  76          //*************************************************************
  77          // 函数名       ：void main()
  78          // 作者         ：
  79          // 功能         ：主函数
  80          // 参数         ：无
  81          // 返回值       ：无
  82          // 调用全局变量：无
  83          // 修改全局变量：无
  84          // 备注         ：
  85          //**************************************************************
  86          void main()
  87          {
  88   1              RSTCFG=0x2A;                            //RSTpin切换GPIO,lvr 选择3.5V复位
  89   1              P3CFG0=0X00;
  90   1              WDTCR = 0x90;                           //1--1 -- 00    开WDT,WDT清0,WDT 280ms溢出;烧录时，可Code Option选择ENWDT
  91   1              timerinit();
  92   1              EA=1;                                           //开总中断
  93   1      
  94   1              while(1)
  95   1              {
  96   2                      WDTCR = 0x90;                           //1--1 -- 00    开WDT,WDT清0,WDT 280ms溢出;烧录时，可Code Option选择ENWDT
  97   2              }
  98   1      }


MODULE INFORMATION:   STATIC OVERLAYABLE
   CODE SIZE        =     68    ----
   CONSTANT SIZE    =   ----    ----
   XDATA SIZE       =   ----    ----
   PDATA SIZE       =   ----    ----
   DATA SIZE        =   ----    ----
   IDATA SIZE       =   ----    ----
   BIT SIZE         =   ----    ----
END OF MODULE INFORMATION.


C51 COMPILATION COMPLETE.  0 WARNING(S),  0 ERROR(S)
