C51 COMPILER V9.01   ADC                                                                   07/30/2017 09:50:52 PAGE 1   


C51 COMPILER V9.01, COMPILATION OF MODULE ADC
OBJECT MODULE PLACED IN .\output\ADC.obj
COMPILER INVOKED BY: C:\Keil\C51\BIN\C51.EXE c\ADC.c BROWSE DEBUG OBJECTEXTEND PRINT(.\list\ADC.lst) OBJECT(.\output\ADC
                    -.obj)

line level    source

   1          
   2          //************************************************************
   3          //  Copyright (c) 深圳市赛元微电子有限公司
   4          //      文件名称        : ADC.c
   5          //      作者            : 
   6          //      模块功能        : ADC转换的使用
   7          //      局部函数列表:
   8          //  最后更正日期:
   9          //      版本            :
  10          //      更改记录        :rom前256byte禁止查表,因此在编译的时候，设置keil->option for Target->BL51 Locate->Code Range:
             -0x100
  11          //*************************************************************
  12          #include "h\SC92F732X_C.h"
  13          unsigned int     adcdat;
  14          //*************************************************************
  15          // 函数名       ：void ADC_init(void)
  16          // 作者         ：
  17          // 功能         ：ADC转换初始化
  18          // 参数         ：无
  19          // 返回值       ：无
  20          // 调用全局变量：无
  21          // 修改全局变量：无
  22          // 备注         ：
  23          //**************************************************************        
  24          void ADC_init()
  25          {
  26   1              ADCCON =0X80;  //选择AIN0作为输入通道，2M采样频率,打开ADC电源
  27   1      //      ADCCON =0X81;  //选择AIN1作为输入通道，2M采样频率,打开ADC电源
  28   1      //      ADCCON =0X82;  //选择AIN2作为输入通道，2M采样频率,打开ADC电源
  29   1      //      ADCCON =0X83;  //选择AIN3作为输入通道，2M采样频率,打开ADC电源
  30   1      //      ADCCON =0X84;  //选择AIN4作为输入通道，2M采样频率,打开ADC电源
  31   1      //      ADCCON =0X85;  //选择AIN5作为输入通道，2M采样频率,打开ADC电源
  32   1      //      ADCCON =0X86;  //选择AIN6作为输入通道，2M采样频率,打开ADC电源
  33   1      //      ADCCON =0X87;  //选择AIN7作为输入通道，2M采样频率,打开ADC电源
  34   1      //      ADCCON =0X88;  //选择AIN8作为输入通道，2M采样频率,打开ADC电源
  35   1      //      ADCCON =0X89;  //选择AIN9作为输入通道，2M采样频率,打开ADC电源
  36   1              ADCCFG0=0X01;  //选择AIN0为ADC输入；
  37   1              ADCCFG1=0X00;
  38   1      //      ADCCFG0=0X02;  //选择AIN1为ADC输入；
  39   1      //      ADCCFG1=0X00;
  40   1      //      ADCCFG0=0X04;  //选择AIN2为ADC输入；
  41   1      //      ADCCFG1=0X00;
  42   1      //      ADCCFG0=0X08;  //选择AIN3为ADC输入；
  43   1      //      ADCCFG1=0X00;
  44   1      //      ADCCFG0=0X10;  //选择AIN4为ADC输入；
  45   1      //      ADCCFG1=0X00;
  46   1      //      ADCCFG0=0X20;  //选择AIN5为ADC输入；
  47   1      //      ADCCFG1=0X00;
  48   1      //      ADCCFG0=0X40;  //选择AIN6为ADC输入；
  49   1      //      ADCCFG1=0X00;
  50   1      //      ADCCFG0=0X80;  //选择AIN7为ADC输入；
  51   1      //      ADCCFG1=0X00;
  52   1      //      ADCCFG0=0X00;  //选择AIN8为ADC输入；
  53   1      //      ADCCFG1=0X01;
C51 COMPILER V9.01   ADC                                                                   07/30/2017 09:50:52 PAGE 2   

  54   1      //      ADCCFG0=0X00;  //选择AIN9为ADC输入；
  55   1      //      ADCCFG1=0X02;                                           
  56   1      }
  57          //*************************************************************
  58          // 函数名       ：void  ADC_Convert(void)
  59          // 作者         ：
  60          // 功能         ：ADC转换过程
  61          // 参数         ：无
  62          // 返回值       ：无
  63          // 调用全局变量：无
  64          // 修改全局变量：无
  65          // 备注         ：
  66          //**************************************************************        
  67          void  ADC_Convert(void)                                         
  68          {                                                                                                       
  69   1              ADCCON =0XC0 |0x00;                           //启动ADC转换     
  70   1              P00=0;
  71   1              while(!(ADCCON&0x10));                           //等待 ADC转换完成;
  72   1              P00=1;
  73   1              adcdat=ADCVH;                                                    //ADC高8位存入8位寄存器
  74   1              adcdat = (adcdat<<8)+ADCVL;                          //取得adc的值
  75   1              adcdat =  adcdat>>4;
  76   1              ADCCON &= 0xEF;                                                  //转换完毕，清EOC      
  77   1                      
  78   1      }
  79          void delay()
  80          {
  81   1              unsigned int i;
  82   1              i=10000;
  83   1              while(i--);
  84   1      }
  85          //*************************************************************
  86          // 函数名       ：void main()
  87          // 作者         ：
  88          // 功能         ：主函数
  89          // 参数         ：无
  90          // 返回值       ：无
  91          // 调用全局变量：无
  92          // 修改全局变量：无
  93          // 备注         ：
  94          //**************************************************************
  95          unsigned char adc_cnt=0;
  96          unsigned int adc_8chi=0;
  97          void main()
  98          {                                                                                               
  99   1              WDTCON  = 0x10;                                      //清看门狗，500ms溢出
 100   1              ADC_init();
 101   1      //      P0VO=0X1F;
 102   1      //      OTCON=0X04;
 103   1              P0CON=0XFF;
 104   1              P00=1;
 105   1              while(1)
 106   1              {
 107   2      //              adc_8chi=0;
 108   2      //              for(adc_cnt=0;adc_cnt<8;adc_cnt++)
 109   2      //              {
 110   2                              
 111   2                              ADC_Convert();                           //ADC转换
 112   2      //                      adc_8chi +=adcdat;
 113   2      //                      WDTCON |= 0x10;                              //清看门狗
 114   2      //              }
 115   2      //              adc_8chi =adc_8chi>>3;
C51 COMPILER V9.01   ADC                                                                   07/30/2017 09:50:52 PAGE 3   

 116   2                      WDTCON |= 0x10;                              //清看门狗
 117   2                      delay();
 118   2      //              ADCCON =0X00;
 119   2              }               
 120   1      }


MODULE INFORMATION:   STATIC OVERLAYABLE
   CODE SIZE        =    101    ----
   CONSTANT SIZE    =   ----    ----
   XDATA SIZE       =   ----    ----
   PDATA SIZE       =   ----    ----
   DATA SIZE        =      5    ----
   IDATA SIZE       =   ----    ----
   BIT SIZE         =   ----    ----
END OF MODULE INFORMATION.


C51 COMPILATION COMPLETE.  0 WARNING(S),  0 ERROR(S)
