C51 COMPILER V9.55   ADC_INIT                                                              01/08/2019 14:28:01 PAGE 1   


C51 COMPILER V9.55, COMPILATION OF MODULE ADC_INIT
OBJECT MODULE PLACED IN .\output\ADC_Init.obj
COMPILER INVOKED BY: C:\Keil_v5\C51\BIN\C51.EXE c\ADC_Init.c OPTIMIZE(8,SPEED) BROWSE NOINTPROMOTE DEBUG OBJECTEXTEND PR
                    -INT(.\list\ADC_Init.lst) OBJECT(.\output\ADC_Init.obj)

line level    source

   1          #include "H/Function_Init.H"
   2          
   3          void ADC_Init(uint Channel);
   4          void Delay(uint time);
   5          uchar Read_IFB_Data(uchar AddOffset);
   6          uint ADCValue = 0x0000;
   7          uint AD_TS25H = 0x00;
   8          uint AD_TS25L = 0x00;
   9          bit AdcFlag = 0x00;
  10          unsigned char code *POINT=0x0000 ;      //定义一个指针
  11          
  12          /***********ADC采样口选择*************/
  13          #if (IC_MODEL == SC93F7433)
                      enum Channel {AIN0=0,AIN1,AIN2,AIN3,AIN4,AIN5,AIN6,AIN7,AIN8,AIN9,TS_AIN=14,VDD4};
              #endif
  16          
  17          #if (IC_MODEL == SC93F7432)
  18                  enum Channel {AIN2=2,AIN3,AIN4,AIN5,AIN8=8,AIN9,TS_AIN=14,VDD4};
  19          #endif
  20          
  21          /****************************************
  22          *函数名称：void ADC_Test(void)
  23          *函数功能：ADC测试
  24          *入口参数：void
  25          *出口参数：void
  26          ****************************************/
  27          void ADC_Test(void)
  28          {
  29   1          ADC_Init(AIN4);
  30   1          while(1)
  31   1          {
  32   2              AD_TS25H = Read_IFB_Data(0x3E);      //读取IC在25°时的温度值（高位）
  33   2                  AD_TS25L = Read_IFB_Data(0x3F);      //读取IC在25°时的温度值（低位）
  34   2              
  35   2              ADCCON |= 0X40;                      //开始ADC转换
  36   2                  while(!(AdcFlag));                           //等待 ADC转换完成;
  37   2              AdcFlag = 0;
  38   2              ADCValue = ADCVH;
  39   2              ADCValue = (ADCValue<<4)+(ADCVL>>4);      
  40   2          }
  41   1      }
  42          
  43          /*****************************************************
  44          *函数名称：void ADC_Init(void)
  45          *函数功能：ADC初始化
  46          *入口参数：Channel
  47          *出口参数：void
  48          *****************************************************/
  49          void ADC_Init(uint Channel)
  50          {
  51   1              ADCCON = 0X80|Channel;          //开启ADC，ADC采样频率为2M ,选择Channel位ADC采样口
  52   1              if(Channel<8)
  53   1              {
  54   2                      ADCCFG0 = 1<<Channel;   //设置Channel作为采样口
C51 COMPILER V9.55   ADC_INIT                                                              01/08/2019 14:28:01 PAGE 2   

  55   2              }
  56   1              else
  57   1              {
  58   2                      ADCCFG1 = 1<<(Channel-8);   //设置Channel作为采样口
  59   2              }
  60   1              IE |= 0X40;        //开启ADC中断
  61   1              EA = 1;
  62   1      }
  63          
  64          /*****************************************************
  65          *函数名称：void ADC_Interrupt(void) interrupt 6
  66          *函数功能：ADC中断函数
  67          *入口参数：void
  68          *出口参数：void
  69          *****************************************************/
  70          void ADC_Interrupt(void) interrupt 6
  71          {
  72   1              ADCCON &= ~(0X10);  //清中断标志位
  73   1              AdcFlag = 1;
  74   1      }
  75          
  76          /*****************************************************
  77          *函数名称：void ADC_TS_Test(void)
  78          *函数功能：ADC采集温度传感器电压值
  79          *入口参数：void
  80          *出口参数：void
  81          *注意：测试温度时，ADC参考电压要用2.4V
  82          *****************************************************/
  83          void ADC_TS_Test(void)
  84          {
  85   1              uint AD_TS0=0,AD_TS1=0,AD_TSSUM=0;
  86   1              
  87   1              ADCCON = 0x8E;          //开启ADC，ADC采样频率为2M ,ADC输入为温度传感器输出
  88   1              ADCCFG0 = 0x00;   //
  89   1              ADCCFG1 = 0X00;   //
  90   1          TSCFG = 0X80;     //使能温度传感器   
  91   1              while(1)
  92   1              {       
  93   2              Delay(5);
  94   2              TSCFG &= 0xFE;
  95   2                      ADCCON |= 0x40;   //开始ADC转换         
  96   2                      while(!(ADCCON&0x10));
  97   2                      ADCCON &= 0xEF;   //清中断标志位
  98   2              AD_TS0 = ADCVH;
  99   2                      AD_TS0 = (AD_TS0<<4)+(ADCVL>>4);  //第一次温度传感器数值
 100   2                      
 101   2                      TSCFG |= 0X01;
 102   2                      ADCCON |= 0x40;   //开始ADC转换         
 103   2                      while(!(ADCCON&0x10));
 104   2                      ADCCON &= 0xEF;   //清中断标志位
 105   2              AD_TS1 = ADCVH;
 106   2                      AD_TS1 = (AD_TS1<<4)+(ADCVL>>4);  //第二次温度传感器数值
 107   2                      
 108   2                      AD_TSSUM = (AD_TS0+AD_TS1)/2;    //温度传感器数值    
 109   2              }
 110   1      }
 111          
 112          /*****************************************************
 113          *函数名称：uchar Read_IFB_Data(uchar AddOffset)
 114          *函数功能：读取IC在25°的ADC温度采样值
 115          *入口参数：AddOffset
 116          *出口参数：Val
C51 COMPILER V9.55   ADC_INIT                                                              01/08/2019 14:28:01 PAGE 3   

 117          *****************************************************/
 118          uchar Read_IFB_Data(uchar AddOffset)
 119          {
 120   1              uchar Val;
 121   1      
 122   1              EA = 0;                         //关总中断
 123   1              IAPADE = 0x01;          //选择EEPROM区域进行读写操作
 124   1              Val = *(POINT+AddOffset);       
 125   1              IAPADE = 0x00;          //返回ROM区域
 126   1              EA = 1;                         //开总中断
 127   1              return Val;     
 128   1      }
 129          
 130          void Delay(uint time)
 131          {
 132   1          uint i = 0;
 133   1          for(i=0; i<10; i++)
 134   1          for(; time>0; time--)
 135   1          ;
 136   1      }


MODULE INFORMATION:   STATIC OVERLAYABLE
   CODE SIZE        =    345    ----
   CONSTANT SIZE    =   ----    ----
   XDATA SIZE       =   ----    ----
   PDATA SIZE       =   ----    ----
   DATA SIZE        =      8       6
   IDATA SIZE       =   ----    ----
   BIT SIZE         =      1    ----
END OF MODULE INFORMATION.


C51 COMPILATION COMPLETE.  0 WARNING(S),  0 ERROR(S)
